Γû▓ Next.js 16.1.1 (Turbopack)
- Environments: .env.local, .env

cmd : ΓÜá The "middleware" file convention is deprecated. Please use "proxy" instead. Learn more: 
https://nextjs.org/docs/messages/middleware-to-proxy
At line:1 char:1
+ cmd /c npx next build > build_output.txt 2>&1
+ ~~~~~~~~~~~~~~~~~~~~~~~~~~~~~~~~~~~~~~~~~~~~~
    + CategoryInfo          : NotSpecified: (ΓÜá The "middle...leware-to-proxy:String) [], RemoteException
    + FullyQualifiedErrorId : NativeCommandError
 
  Creating an optimized production build ...
Γ£ô Compiled successfully in 9.8s
  Running TypeScript ...
  Collecting page data using 11 workers ...
  Generating static pages using 11 workers (0/73) ...
  Generating static pages using 11 workers (18/73) 
  Generating static pages using 11 workers (36/73) 
  Generating static pages using 11 workers (54/73) 
Γ£ô Generating static pages using 11 workers (73/73) in 1002.6ms
  Finalizing page optimization ...

Route (app)
Γöî Γùï /
Γö£ Γùï /_not-found
Γö£ Γùï /admin/tenants
Γö£ ╞Æ /api/admin/deploy-templates
Γö£ ╞Æ /api/admin/reset_orders
Γö£ ╞Æ /api/admin/tenants
Γö£ ╞Æ /api/ai/feedback
Γö£ ╞Æ /api/ai/generate
Γö£ ╞Æ /api/auth/[...nextauth]
Γö£ ╞Æ /api/auth/meta
Γö£ ╞Æ /api/auth/meta/callback
Γö£ ╞Æ /api/auth/password
Γö£ ╞Æ /api/auth/qbo
Γö£ ╞Æ /api/auth/qbo/callback
Γö£ ╞Æ /api/auth/square
Γö£ ╞Æ /api/auth/square/callback
Γö£ ╞Æ /api/bundles
Γö£ ╞Æ /api/bundles/[id]
Γö£ ╞Æ /api/categories
Γö£ ╞Æ /api/categories/[id]
Γö£ ╞Æ /api/categories/[id]/parent
Γö£ ╞Æ /api/commercial/ingredients
Γö£ ╞Æ /api/commercial/ingredients/create
Γö£ ╞Æ /api/commercial/ingredients/delete
Γö£ ╞Æ /api/commercial/ingredients/merge
Γö£ ╞Æ /api/commercial/save
Γö£ ╞Æ /api/commercial/suppliers/[id]
Γö£ ╞Æ /api/commercial/suppliers/create
Γö£ ╞Æ /api/customers
Γö£ ╞Æ /api/customers/[id]
Γö£ ╞Æ /api/dashboard
Γö£ ╞Æ /api/debug/categories
Γö£ ╞Æ /api/debug/check-marinara
Γö£ ╞Æ /api/delivery/inventory
Γö£ ╞Æ /api/delivery/labels
Γö£ ╞Æ /api/delivery/labels/[id]
Γö£ ╞Æ /api/delivery/optimize
Γö£ ╞Æ /api/delivery/record-print-job
Γö£ ╞Æ /api/delivery/route/reorder
Γö£ ╞Æ /api/delivery/stats
Γö£ ╞Æ /api/integrations/auth/qbo/callback
Γö£ ╞Æ /api/integrations/auth/qbo/login
Γö£ ╞Æ /api/integrations/disconnect
Γö£ ╞Æ /api/integrations/meta/reply
Γö£ ╞Æ /api/integrations/square
Γö£ ╞Æ /api/integrations/status
Γö£ ╞Æ /api/integrations/sync/qbo
Γö£ ╞Æ /api/integrations/sync/square
Γö£ ╞Æ /api/labels/inventory
Γö£ ╞Æ /api/marketing/audience
Γö£ ╞Æ /api/marketing/send
Γö£ ╞Æ /api/orders
Γö£ ╞Æ /api/production/deduct
Γö£ ╞Æ /api/production/plan
Γö£ ╞Æ /api/production/print
Γö£ ╞Æ /api/production/print-label
Γö£ ╞Æ /api/production/runs
Γö£ ╞Æ /api/production/runs/[id]
Γö£ ╞Æ /api/production/sync
Γö£ ╞Æ /api/production/tasks
Γö£ ╞Æ /api/recipes
Γö£ ╞Æ /api/recipes/[id]
Γö£ ╞Æ /api/recipes/[id]/categories
Γö£ ╞Æ /api/recipes/ai-save
Γö£ ╞Æ /api/recipes/backup
Γö£ ╞Æ /api/recipes/costs
Γö£ ╞Æ /api/recipes/upload
Γö£ ╞Æ /api/suppliers
Γö£ ╞Æ /api/suppliers/[id]
Γö£ ╞Æ /api/sync/orders
Γö£ ╞Æ /api/upload
Γö£ ╞Æ /api/users
Γö£ ╞Æ /api/users/reset-password
Γö£ ╞Æ /api/webhooks/meta
Γö£ Γùï /bundles
Γö£ ╞Æ /bundles/[id]
Γö£ Γùï /calendar
Γö£ Γùï /campaigns
Γö£ ╞Æ /commercial
Γö£ ╞Æ /commercial/suppliers/[id]
Γö£ Γùï /customers
Γö£ ╞Æ /customers/[id]
Γö£ Γùï /delivery
Γö£ Γùï /delivery/labels
Γö£ ╞Æ /delivery/labels/[id]
Γö£ Γùï /delivery/print-batch
Γö£ ╞Æ /labels
Γö£ Γùï /legal/eula
Γö£ Γùï /legal/privacy
Γö£ Γùï /login
Γö£ Γùï /orders
Γö£ Γùï /production
Γö£ ╞Æ /production/run/[id]
Γö£ Γùï /production/schedule
Γö£ ╞Æ /recipes
Γö£ ╞Æ /recipes/[id]
Γö£ ╞Æ /recipes/new
Γö£ Γùï /settings
Γö£ Γùï /settings/team
Γö£ Γùï /suppliers
Γö£ ╞Æ /suppliers/[id]
Γöö Γùï /training


╞Æ Proxy (Middleware)

Γùï  (Static)   prerendered as static content
╞Æ  (Dynamic)  server-rendered on demand

