
> freezeriq_app@1.0.0 build
> next build

Γû▓ Next.js 16.1.1 (Turbopack)
- Environments: .env.local, .env

node.exe : ΓÜá The "middleware" file convention is 
deprecated. Please use "proxy" instead. Learn more: 
https://nextjs.org/docs/messages/middleware-to-proxy
At line:1 char:1
+ & "C:\Program Files\nodejs/node.exe" "C:\Program 
Files\nodejs/node_mo ...
+ ~~~~~~~~~~~~~~~~~~~~~~~~~~~~~~~~~~~~~~~~~~~~~~~~~~~~~~~
~~~~~~~~~~~~~~
    + CategoryInfo          : NotSpecified: (ΓÜá The "mi 
   ddle...leware-to-proxy:String) [], RemoteException
    + FullyQualifiedErrorId : NativeCommandError
 
  Creating an optimized production build ...
Γ£ô Compiled successfully in 17.9s
  Running TypeScript ...
  Collecting page data using 11 workers ...
  Generating static pages using 11 workers (0/156) ...
  Generating static pages using 11 workers (39/156) 
  Generating static pages using 11 workers (78/156) 
  Generating static pages using 11 workers (117/156) 
Γ£ô Generating static pages using 11 workers (156/156) in 556.6ms
  Finalizing page optimization ...

Route (app)
Γöî ╞Æ /
Γö£ ╞Æ /_not-found
Γö£ ╞Æ /[domain]
Γö£ ╞Æ /admin
Γö£ ╞Æ /admin/leads
Γö£ ╞Æ /admin/subscribers/tiers
Γö£ ╞Æ /admin/suppliers
Γö£ ╞Æ /admin/tenants
Γö£ ╞Æ /admin/training
Γö£ ╞Æ /admin/training/progress
Γö£ ╞Æ /api/admin/ai/scrape-fundraiser
Γö£ ╞Æ /api/admin/backup
Γö£ ╞Æ /api/admin/categories
Γö£ ╞Æ /api/admin/deploy-templates
Γö£ ╞Æ /api/admin/domains
Γö£ ╞Æ /api/admin/leads
Γö£ ╞Æ /api/admin/reset_orders
Γö£ ╞Æ /api/admin/stats
Γö£ ╞Æ /api/admin/storefront-config
Γö£ ╞Æ /api/admin/subscriptions/tiers
Γö£ ╞Æ /api/admin/subscriptions/tiers/[id]
Γö£ ╞Æ /api/admin/suppliers
Γö£ ╞Æ /api/admin/suppliers/[id]
Γö£ ╞Æ /api/admin/switch-tenant
Γö£ ╞Æ /api/admin/tenants
Γö£ ╞Æ /api/admin/tenants/[id]
Γö£ ╞Æ /api/admin/training
Γö£ ╞Æ /api/admin/training/[id]
Γö£ ╞Æ /api/admin/training/progress
Γö£ ╞Æ /api/admin/training/seed
Γö£ ╞Æ /api/ai/feedback
Γö£ ╞Æ /api/ai/generate
Γö£ ╞Æ /api/ai/generate-image
Γö£ ╞Æ /api/analytics/margins
Γö£ ╞Æ /api/auth/[...nextauth]
Γö£ ╞Æ /api/auth/instagram
Γö£ ╞Æ /api/auth/instagram/callback
Γö£ ╞Æ /api/auth/meta
Γö£ ╞Æ /api/auth/meta/callback
Γö£ ╞Æ /api/auth/password
Γö£ ╞Æ /api/auth/qbo
Γö£ ╞Æ /api/auth/qbo/callback
Γö£ ╞Æ /api/auth/stripe
Γö£ ╞Æ /api/auth/stripe/callback
Γö£ ╞Æ /api/bundles
Γö£ ╞Æ /api/bundles/[id]
Γö£ ╞Æ /api/bundles/export
Γö£ ╞Æ /api/bundles/import
Γö£ ╞Æ /api/business
Γö£ ╞Æ /api/campaigns
Γö£ ╞Æ /api/campaigns/[id]
Γö£ ╞Æ /api/catalogs
Γö£ ╞Æ /api/catalogs/[id]
Γö£ ╞Æ /api/categories
Γö£ ╞Æ /api/categories/[id]
Γö£ ╞Æ /api/categories/[id]/parent
Γö£ ╞Æ /api/checkout/session
Γö£ ╞Æ /api/checkout/session/success
Γö£ ╞Æ /api/checkout/subscription
Γö£ ╞Æ /api/commercial/extra-meals/[id]/publish
Γö£ ╞Æ /api/commercial/ingredients
Γö£ ╞Æ /api/commercial/ingredients/create
Γö£ ╞Æ /api/commercial/ingredients/delete
Γö£ ╞Æ /api/commercial/ingredients/merge
Γö£ ╞Æ /api/commercial/save
Γö£ ╞Æ /api/commercial/suppliers/[id]
Γö£ ╞Æ /api/commercial/suppliers/create
Γö£ ╞Æ /api/commercial/suppliers/delete
Γö£ ╞Æ /api/coordinator/[token]
Γö£ ╞Æ /api/csv/export/bundles
Γö£ ╞Æ /api/csv/export/customers
Γö£ ╞Æ /api/csv/export/fundraisers
Γö£ ╞Æ /api/csv/export/recipes
Γö£ ╞Æ /api/customer/auth/logout
Γö£ ╞Æ /api/customer/auth/request-link
Γö£ ╞Æ /api/customer/auth/verify
Γö£ ╞Æ /api/customer/box/submit
Γö£ ╞Æ /api/customers
Γö£ ╞Æ /api/customers/[id]
Γö£ ╞Æ /api/customers/[id]/activities
Γö£ ╞Æ /api/customers/[id]/status
Γö£ ╞Æ /api/customers/upload
Γö£ ╞Æ /api/dashboard
Γö£ ╞Æ /api/debug/categories
Γö£ ╞Æ /api/debug/check-marinara
Γö£ ╞Æ /api/delivery/inventory
Γö£ ╞Æ /api/delivery/labels
Γö£ ╞Æ /api/delivery/labels/[id]
Γö£ ╞Æ /api/delivery/optimize
Γö£ ╞Æ /api/delivery/record-print-job
Γö£ ╞Æ /api/delivery/route/reorder
Γö£ ╞Æ /api/delivery/stats
Γö£ ╞Æ /api/documents
Γö£ ╞Æ /api/documents/[id]
Γö£ ╞Æ /api/documents/send
Γö£ ╞Æ /api/documents/templates
Γö£ ╞Æ /api/documents/tracking-sheet
Γö£ ╞Æ /api/email/send
Γö£ ╞Æ /api/fix-admin
Γö£ ╞Æ /api/fundraiser/[token]
Γö£ ╞Æ /api/fundraisers/upload
Γö£ ╞Æ /api/integrations/auth/qbo/callback
Γö£ ╞Æ /api/integrations/auth/qbo/login
Γö£ ╞Æ /api/integrations/disconnect
Γö£ ╞Æ /api/integrations/keys
Γö£ ╞Æ /api/integrations/meta/inbox
Γö£ ╞Æ /api/integrations/meta/reply
Γö£ ╞Æ /api/integrations/meta/webhook
Γö£ ╞Æ /api/integrations/square
Γö£ ╞Æ /api/integrations/status
Γö£ ╞Æ /api/integrations/sync/qbo
Γö£ ╞Æ /api/labels/inventory
Γö£ ╞Æ /api/loyalty/balance
Γö£ ╞Æ /api/loyalty/redeem
Γö£ ╞Æ /api/marketing/audience
Γö£ ╞Æ /api/marketing/send
Γö£ ╞Æ /api/orders
Γö£ ╞Æ /api/orders/batch-update-by-bundle
Γö£ ╞Æ /api/orders/bulk-status
Γö£ ╞Æ /api/production/dashboard
Γö£ ╞Æ /api/production/deduct
Γö£ ╞Æ /api/production/generate-po
Γö£ ╞Æ /api/production/plan
Γö£ ╞Æ /api/production/print
Γö£ ╞Æ /api/production/print-label
Γö£ ╞Æ /api/production/runs
Γö£ ╞Æ /api/production/runs/[id]
Γö£ ╞Æ /api/production/sync
Γö£ ╞Æ /api/production/tasks
Γö£ ╞Æ /api/public/business-lead
Γö£ ╞Æ /api/public/customer/auth/logout
Γö£ ╞Æ /api/public/customer/auth/request
Γö£ ╞Æ /api/public/customer/auth/verify
Γö£ ╞Æ /api/public/customer/box/submit
Γö£ ╞Æ /api/public/customer/loyalty
Γö£ ╞Æ /api/public/customer/subscription
Γö£ ╞Æ /api/public/order
Γö£ ╞Æ /api/public/send-text
Γö£ ╞Æ /api/public/tenant/[slug]
Γö£ ╞Æ /api/public/tenant/[slug]/tiers
Γö£ ╞Æ /api/public/waitlist
Γö£ ╞Æ /api/recipes
Γö£ ╞Æ /api/recipes/[id]
Γö£ ╞Æ /api/recipes/[id]/categories
Γö£ ╞Æ /api/recipes/ai-save
Γö£ ╞Æ /api/recipes/backup
Γö£ ╞Æ /api/recipes/costs
Γö£ ╞Æ /api/recipes/detect-allergens
Γö£ ╞Æ /api/recipes/generate-description
Γö£ ╞Æ /api/recipes/generate-macros
Γö£ ╞Æ /api/recipes/grab-image
Γö£ ╞Æ /api/recipes/upload
Γö£ ╞Æ /api/recipes/upload-image
Γö£ ╞Æ /api/scanner/lookup
Γö£ ╞Æ /api/scanner/update
Γö£ ╞Æ /api/seed-admin
Γö£ ╞Æ /api/settings/qr-codes
Γö£ ╞Æ /api/stripe/callback
Γö£ ╞Æ /api/stripe/checkout
Γö£ ╞Æ /api/stripe/link
Γö£ ╞Æ /api/stripe/webhook
Γö£ ╞Æ /api/suppliers
Γö£ ╞Æ /api/suppliers/[id]
Γö£ ╞Æ /api/sync/orders
Γö£ ╞Æ /api/tenant/branding
Γö£ ╞Æ /api/tenant/invoices
Γö£ ╞Æ /api/training
Γö£ ╞Æ /api/training/progress
Γö£ ╞Æ /api/upload
Γö£ ╞Æ /api/users
Γö£ ╞Æ /api/users/reset-password
Γö£ ╞Æ /api/webhooks/meta
Γö£ ╞Æ /bundles
Γö£ ╞Æ /bundles/[id]
Γö£ ╞Æ /bundles/catalogs/[id]
Γö£ ╞Æ /calendar
Γö£ ╞Æ /campaigns
Γö£ ╞Æ /commercial
Γö£ ╞Æ /commercial/extra-meals
Γö£ ╞Æ /commercial/suppliers/[id]
Γö£ ╞Æ /coordinator/[token]
Γö£ ╞Æ /coordinator/[token]/guide
Γö£ ╞Æ /customers
Γö£ ╞Æ /customers/[id]
Γö£ ╞Æ /dashboard
Γö£ ╞Æ /delivery
Γö£ ╞Æ /delivery/labels
Γö£ ╞Æ /delivery/labels/[id]
Γö£ ╞Æ /delivery/print-batch
Γö£ ╞Æ /delivery/print-manifest
Γö£ ╞Æ /delivery/print-packing-slips
Γö£ ╞Æ /delivery/run
Γö£ ╞Æ /fundraiser/[token]
Γö£ ╞Æ /fundraisers
Γö£ ╞Æ /fundraisers/[id]
Γö£ ╞Æ /home
Γö£ ╞Æ /inbox
Γö£ ╞Æ /invoices
Γö£ ╞Æ /labels
Γö£ ╞Æ /legal/eula
Γö£ ╞Æ /legal/privacy
Γö£ ╞Æ /login
Γö£ ╞Æ /orders
Γö£ ╞Æ /production
Γö£ ╞Æ /production/print-batch
Γö£ ╞Æ /production/run/[id]
Γö£ ╞Æ /production/schedule
Γö£ ╞Æ /production/shopping-list
Γö£ ╞Æ /recipes
Γö£ ╞Æ /recipes/[id]
Γö£ ╞Æ /recipes/new
Γö£ Γùï /robots.txt
Γö£ ╞Æ /scan
Γö£ ╞Æ /scanner
Γö£ ╞Æ /settings
Γö£ ╞Æ /settings/billing
Γö£ ╞Æ /settings/storefront
Γö£ ╞Æ /settings/team
Γö£ ╞Æ /shop/[slug]
Γö£ ╞Æ /shop/[slug]/account
Γö£ ╞Æ /shop/[slug]/account/box
Γö£ ╞Æ /shop/[slug]/checkout/success
Γö£ ╞Æ /shop/[slug]/fundraiser/[fundraiserId]
Γö£ ╞Æ /shop/[slug]/login
Γö£ ╞Æ /shop/[slug]/loyalty
Γö£ ╞Æ /shop/[slug]/raise-funds
Γö£ ╞Æ /shop/[slug]/recipe/[id]
Γö£ ╞Æ /shop/[slug]/subscribe
Γö£ Γùï /sitemap.xml
Γö£ ╞Æ /start-a-business
Γö£ ╞Æ /suppliers
Γö£ ╞Æ /suppliers/[id]
Γöö ╞Æ /training


╞Æ Proxy (Middleware)

Γùï  (Static)   prerendered as static content
╞Æ  (Dynamic)  server-rendered on demand

