app/delivery/print-packing-slips/page.tsx(33,473): error TS1005: ',' expected.
app/delivery/print-packing-slips/page.tsx(33,476): error TS1005: ',' expected.
app/delivery/print-packing-slips/page.tsx(33,479): error TS1005: ',' expected.
app/delivery/print-packing-slips/page.tsx(33,488): error TS1005: ',' expected.
app/delivery/print-packing-slips/page.tsx(33,491): error TS1005: ',' expected.
app/delivery/print-packing-slips/page.tsx(33,494): error TS1005: ',' expected.
app/delivery/print-packing-slips/page.tsx(33,499): error TS1005: ',' expected.
app/delivery/print-packing-slips/page.tsx(33,502): error TS1005: ',' expected.
app/delivery/print-packing-slips/page.tsx(33,507): error TS1005: ',' expected.
app/delivery/print-packing-slips/page.tsx(33,512): error TS1003: Identifier expected.
app/delivery/print-packing-slips/page.tsx(33,515): error TS1002: Unterminated string literal.
app/delivery/print-packing-slips/page.tsx(34,5): error TS1005: ',' expected.
app/delivery/print-packing-slips/page.tsx(34,113): error TS1005: ',' expected.
app/delivery/print-packing-slips/page.tsx(34,115): error TS1005: ',' expected.
app/delivery/print-packing-slips/page.tsx(34,118): error TS1005: ',' expected.
app/delivery/print-packing-slips/page.tsx(34,121): error TS1005: ',' expected.
app/delivery/print-packing-slips/page.tsx(34,130): error TS1005: ',' expected.
app/delivery/print-packing-slips/page.tsx(34,133): error TS1005: '(' expected.
app/delivery/print-packing-slips/page.tsx(34,137): error TS1005: ')' expected.
app/delivery/print-packing-slips/page.tsx(34,142): error TS1434: Unexpected keyword or identifier.
app/delivery/print-packing-slips/page.tsx(34,145): error TS1434: Unexpected keyword or identifier.
app/delivery/print-packing-slips/page.tsx(34,154): error TS1005: ';' expected.
app/delivery/print-packing-slips/page.tsx(34,161): error TS1434: Unexpected keyword or identifier.
app/delivery/print-packing-slips/page.tsx(34,179): error TS1005: ';' expected.
app/delivery/print-packing-slips/page.tsx(34,184): error TS1434: Unexpected keyword or identifier.
app/delivery/print-packing-slips/page.tsx(34,190): error TS1434: Unexpected keyword or identifier.
app/delivery/print-packing-slips/page.tsx(34,195): error TS1434: Unexpected keyword or identifier.
app/delivery/print-packing-slips/page.tsx(34,200): error TS1434: Unexpected keyword or identifier.
app/delivery/print-packing-slips/page.tsx(34,209): error TS1434: Unexpected keyword or identifier.
app/delivery/print-packing-slips/page.tsx(34,218): error TS1434: Unexpected keyword or identifier.
app/delivery/print-packing-slips/page.tsx(34,230): error TS1434: Unexpected keyword or identifier.
app/delivery/print-packing-slips/page.tsx(34,249): error TS1005: ';' expected.
app/delivery/print-packing-slips/page.tsx(34,254): error TS1434: Unexpected keyword or identifier.
app/delivery/print-packing-slips/page.tsx(34,258): error TS1434: Unexpected keyword or identifier.
app/delivery/print-packing-slips/page.tsx(34,264): error TS1434: Unexpected keyword or identifier.
app/delivery/print-packing-slips/page.tsx(34,273): error TS1434: Unexpected keyword or identifier.
app/delivery/print-packing-slips/page.tsx(34,288): error TS1003: Identifier expected.
app/delivery/print-packing-slips/page.tsx(34,291): error TS1002: Unterminated string literal.
app/delivery/print-packing-slips/page.tsx(152,13): error TS1005: ')' expected.
app/delivery/print-packing-slips/page.tsx(321,9): error TS1128: Declaration or statement expected.
app/delivery/print-packing-slips/page.tsx(322,5): error TS1109: Expression expected.
